// Jest Snapshot v1, https://goo.gl/fbAQLP

exports[`search reducer should clear query 1`] = `null`;

exports[`search reducer should set query 1`] = `"test"`;
