// Jest Snapshot v1, https://goo.gl/fbAQLP

exports[`<SidePanel /> sidepanel snapshot should be equal 1`] = `undefined`;
