// Jest Snapshot v1, https://goo.gl/fbAQLP

exports[`<Rate /> should render Rate snapshot correctly 1`] = `
ShallowWrapper {
  Symbol(enzyme.__root__): [Circular],
  Symbol(enzyme.__unrendered__): <Rate
    store={
      Object {
        "clearActions": [Function],
        "dispatch": [Function],
        "getActions": [Function],
        "getState": [Function],
        "replaceReducer": [Function],
        "subscribe": [Function],
      }
    }
  />,
  Symbol(enzyme.__renderer__): Object {
    "batchedUpdates": [Function],
    "getNode": [Function],
    "render": [Function],
    "simulateError": [Function],
    "simulateEvent": [Function],
    "unmount": [Function],
  },
  Symbol(enzyme.__node__): Object {
    "instance": null,
    "key": undefined,
    "nodeType": "host",
    "props": Object {
      "children": Array [
        <Icon
          as="i"
          className="star"
          name="star outline"
          onClick={[Function]}
        />,
        <Icon
          as="i"
          className="star"
          name="star outline"
          onClick={[Function]}
        />,
        <Icon
          as="i"
          className="star"
          name="star outline"
          onClick={[Function]}
        />,
        <Icon
          as="i"
          className="star"
          name="star outline"
          onClick={[Function]}
        />,
        <Icon
          as="i"
          className="star"
          name="star outline"
          onClick={[Function]}
        />,
      ],
      "store": Object {
        "clearActions": [Function],
        "dispatch": [Function],
        "getActions": [Function],
        "getState": [Function],
        "replaceReducer": [Function],
        "subscribe": [Function],
      },
    },
    "ref": null,
    "rendered": Array [
      Object {
        "instance": null,
        "key": "0",
        "nodeType": "class",
        "props": Object {
          "as": "i",
          "className": "star",
          "name": "star outline",
          "onClick": [Function],
        },
        "ref": null,
        "rendered": null,
        "type": [Function],
      },
      Object {
        "instance": null,
        "key": "1",
        "nodeType": "class",
        "props": Object {
          "as": "i",
          "className": "star",
          "name": "star outline",
          "onClick": [Function],
        },
        "ref": null,
        "rendered": null,
        "type": [Function],
      },
      Object {
        "instance": null,
        "key": "2",
        "nodeType": "class",
        "props": Object {
          "as": "i",
          "className": "star",
          "name": "star outline",
          "onClick": [Function],
        },
        "ref": null,
        "rendered": null,
        "type": [Function],
      },
      Object {
        "instance": null,
        "key": "3",
        "nodeType": "class",
        "props": Object {
          "as": "i",
          "className": "star",
          "name": "star outline",
          "onClick": [Function],
        },
        "ref": null,
        "rendered": null,
        "type": [Function],
      },
      Object {
        "instance": null,
        "key": "4",
        "nodeType": "class",
        "props": Object {
          "as": "i",
          "className": "star",
          "name": "star outline",
          "onClick": [Function],
        },
        "ref": null,
        "rendered": null,
        "type": [Function],
      },
    ],
    "type": "span",
  },
  Symbol(enzyme.__nodes__): Array [
    Object {
      "instance": null,
      "key": undefined,
      "nodeType": "host",
      "props": Object {
        "children": Array [
          <Icon
            as="i"
            className="star"
            name="star outline"
            onClick={[Function]}
          />,
          <Icon
            as="i"
            className="star"
            name="star outline"
            onClick={[Function]}
          />,
          <Icon
            as="i"
            className="star"
            name="star outline"
            onClick={[Function]}
          />,
          <Icon
            as="i"
            className="star"
            name="star outline"
            onClick={[Function]}
          />,
          <Icon
            as="i"
            className="star"
            name="star outline"
            onClick={[Function]}
          />,
        ],
        "store": Object {
          "clearActions": [Function],
          "dispatch": [Function],
          "getActions": [Function],
          "getState": [Function],
          "replaceReducer": [Function],
          "subscribe": [Function],
        },
      },
      "ref": null,
      "rendered": Array [
        Object {
          "instance": null,
          "key": "0",
          "nodeType": "class",
          "props": Object {
            "as": "i",
            "className": "star",
            "name": "star outline",
            "onClick": [Function],
          },
          "ref": null,
          "rendered": null,
          "type": [Function],
        },
        Object {
          "instance": null,
          "key": "1",
          "nodeType": "class",
          "props": Object {
            "as": "i",
            "className": "star",
            "name": "star outline",
            "onClick": [Function],
          },
          "ref": null,
          "rendered": null,
          "type": [Function],
        },
        Object {
          "instance": null,
          "key": "2",
          "nodeType": "class",
          "props": Object {
            "as": "i",
            "className": "star",
            "name": "star outline",
            "onClick": [Function],
          },
          "ref": null,
          "rendered": null,
          "type": [Function],
        },
        Object {
          "instance": null,
          "key": "3",
          "nodeType": "class",
          "props": Object {
            "as": "i",
            "className": "star",
            "name": "star outline",
            "onClick": [Function],
          },
          "ref": null,
          "rendered": null,
          "type": [Function],
        },
        Object {
          "instance": null,
          "key": "4",
          "nodeType": "class",
          "props": Object {
            "as": "i",
            "className": "star",
            "name": "star outline",
            "onClick": [Function],
          },
          "ref": null,
          "rendered": null,
          "type": [Function],
        },
      ],
      "type": "span",
    },
  ],
  Symbol(enzyme.__options__): Object {
    "adapter": ReactSixteenAdapter {
      "options": Object {
        "enableComponentDidUpdateOnSetState": true,
        "lifecycles": Object {
          "componentDidUpdate": Object {
            "onSetState": true,
          },
          "getDerivedStateFromProps": true,
          "getSnapshotBeforeUpdate": true,
          "setState": Object {
            "skipsComponentDidUpdateOnNullish": true,
          },
        },
      },
    },
  },
}
`;
